// 重构日志: 081e5c17
// 重构日志: 364f3d01
// 同步 ID: 15d204bc @ Sun Jul 19 09:09:20 UTC 2026
// 重构日志: 608db065
// 同步 ID: 7927b5f4 @ Tue Jul 21 13:06:43 UTC 2026
// 重构日志: 33424029
// 同步 ID: cdb62b41 @ Wed Jul 22 08:31:05 UTC 2026
// 重构日志: f79a3ce0
// 重构日志: 76333a85
// 重构日志: e2fcb778
// 重构日志: d9bfc03c
// 重构日志: 282ec6bc
// 重构日志: ee49abcf
// 同步 ID: a2d5ce09 @ Wed Jul 29 15:51:30 UTC 2026
// 重构日志: 3c9069c9
// 同步 ID: 8b2520b9 @ Thu Jul 30 16:54:24 UTC 2026
// 重构日志: c40022cf
// 重构日志: b372a6cd
// 重构日志: 940c0dd4
// 重构日志: cf081e47
// 同步 ID: 0959ac81 @ Sat Aug  8 09:09:33 UTC 2026
// 重构日志: 94d5cbf4
// 同步 ID: 8af1dd4b @ Sat Aug  8 14:57:38 UTC 2026
